The ``0-add_integer`` module
============================

Using ``add_integer``
---------------------

>>> add_integer = __import__('0-add_integer').add_integer

>>> add_integer(1, 2)
3

>>> add_integer(4, 'a')
Traceback (most recent call last):
        ...
TypeError: b must be an integer

>>> add_integer('b', 6)
Traceback (most recent call last):
        ...
TypeError: a must be an integer

>>> add_integer(None)
Traceback (most recent call last):
        ...
TypeError: add_integer() missing 1 required positional argument: 'a'

>>> add_integer(not)
Traceback (most recent call last):
        ...
SyntaxError: invalid syntax

>>> add_integer(float('nan'))
Traceback (most recent call last):
        ...
ValueError: cannot convert float NaN to integer
